// Jest Snapshot v1, https://goo.gl/fbAQLP

exports[`CoveragesDashboard renders the component 1`] = `
<section class="dashboard">
  <h3>Coverages</h3>
  <table class="table table-striped">
    <thead>
      <tr>
        <th scope="col">Name</th>
        <th scope="col">Type</th>
        <th scope="col">Effective Date</th>
        <th scope="col">Term Date</th>
      </tr>
    </thead>
    <tbody>
      <tr class="dataRow">
        <td><span>DENTAL</span></td>
        <td><span>Silver</span></td>
        <td><span>1/1/2018</span></td>
        <td><span>12/31/9999</span></td>
      </tr>
    </tbody>
  </table>
</section>
`;
