// Jest Snapshot v1, https://goo.gl/fbAQLP

exports[`Eligibility.vue renders the component 1`] = `
<section>
  <div class="row">
    <div class="col-md-10 offset-md-1">
      <div class="stubbed"></div>
    </div>
  </div>
  <div class="row">
    <div class="col-md-10 offset-md-1">
      <div class="stubbed"></div>
    </div>
  </div>
  <div class="row">
    <div class="col-md-10 offset-md-1">
      <div class="stubbed"></div>
    </div>
  </div>
  <div class="row">
    <div class="col-md-10 offset-md-1">
      <div class="stubbed"></div>
    </div>
  </div>
  <div class="row">
    <div class="col-md-10 offset-md-1">
      <coverages-stub coveragedata="[object Object],[object Object],[object Object],[object Object],[object Object]"></coverages-stub>
    </div>
  </div>
  <div class="row">
    <div class="col-md-10 offset-md-1">
      <accums-stub accumsdata="[object Object],[object Object],[object Object],[object Object],[object Object],[object Object],[object Object],[object Object],[object Object],[object Object],[object Object],[object Object],[object Object],[object Object],[object Object],[object Object],[object Object],[object Object],[object Object],[object Object],[object Object],[object Object],[object Object],[object Object],[object Object],[object Object],[object Object],[object Object],[object Object],[object Object],[object Object],[object Object],[object Object],[object Object],[object Object],[object Object],[object Object],[object Object],[object Object],[object Object],[object Object],[object Object],[object Object],[object Object],[object Object],[object Object],[object Object]"></accums-stub>
    </div>
  </div>
  <div class="row">
    <div class="col-md-10 offset-md-1">
      <gaps-stub gapsdata="[object Object],[object Object],[object Object],[object Object],[object Object],[object Object],[object Object],[object Object],[object Object],[object Object],[object Object],[object Object],[object Object],[object Object],[object Object],[object Object],[object Object],[object Object],[object Object],[object Object],[object Object],[object Object],[object Object],[object Object],[object Object],[object Object],[object Object],[object Object],[object Object],[object Object],[object Object],[object Object],[object Object],[object Object],[object Object],[object Object],[object Object],[object Object],[object Object],[object Object],[object Object],[object Object],[object Object],[object Object],[object Object],[object Object],[object Object]"></gaps-stub>
    </div>
  </div>
</section>
`;
